.next/dev/types/validator.ts(323,39): error TS2307: Cannot find module '../../../src/app/[lang]/checkout/page.js' or its corresponding type declarations.
.next/dev/types/validator.ts(332,39): error TS2307: Cannot find module '../../../src/app/[lang]/checkout/payment-result/page.js' or its corresponding type declarations.
.next/dev/types/validator.ts(368,39): error TS2307: Cannot find module '../../../src/app/[lang]/orders/page.js' or its corresponding type declarations.
.next/dev/types/validator.ts(386,39): error TS2307: Cannot find module '../../../src/app/[lang]/parts/[category]/[slug]/[id]/page.js' or its corresponding type declarations.
.next/dev/types/validator.ts(395,39): error TS2307: Cannot find module '../../../src/app/[lang]/parts/[category]/[slug]/page.js' or its corresponding type declarations.
.next/dev/types/validator.ts(404,39): error TS2307: Cannot find module '../../../src/app/[lang]/parts/[category]/page.js' or its corresponding type declarations.
.next/dev/types/validator.ts(413,39): error TS2307: Cannot find module '../../../src/app/[lang]/parts/page.js' or its corresponding type declarations.
.next/dev/types/validator.ts(422,39): error TS2307: Cannot find module '../../../src/app/[lang]/products/[slug]/page.js' or its corresponding type declarations.
.next/dev/types/validator.ts(620,39): error TS2307: Cannot find module '../../../src/app/[lang]/vendor/inventory/page.js' or its corresponding type declarations.
.next/dev/types/validator.ts(656,39): error TS2307: Cannot find module '../../../src/app/[lang]/vendor/orders/page.js' or its corresponding type declarations.
.next/dev/types/validator.ts(665,39): error TS2307: Cannot find module '../../../src/app/[lang]/vendor/products/[id]/edit/page.js' or its corresponding type declarations.
.next/dev/types/validator.ts(674,39): error TS2307: Cannot find module '../../../src/app/[lang]/vendor/products/new/page.js' or its corresponding type declarations.
.next/dev/types/validator.ts(683,39): error TS2307: Cannot find module '../../../src/app/[lang]/vendor/products/page.js' or its corresponding type declarations.
.next/dev/types/validator.ts(719,39): error TS2307: Cannot find module '../../../src/app/[lang]/┘é╪╖╪╣-╪║┘è╪º╪▒/[ar-slug]/page.js' or its corresponding type declarations.
.next/dev/types/validator.ts(782,39): error TS2307: Cannot find module '../../../src/app/api/bosta/webhook/route.js' or its corresponding type declarations.
.next/dev/types/validator.ts(818,39): error TS2307: Cannot find module '../../../src/app/api/orders/notify/route.js' or its corresponding type declarations.
.next/dev/types/validator.ts(827,39): error TS2307: Cannot find module '../../../src/app/api/payments/intention/route.js' or its corresponding type declarations.
.next/dev/types/validator.ts(836,39): error TS2307: Cannot find module '../../../src/app/api/payments/webhook/route.js' or its corresponding type declarations.
.next/dev/types/validator.ts(890,39): error TS2307: Cannot find module '../../../src/app/api/vendor/orders/ship/route.js' or its corresponding type declarations.
src/app/[lang]/admin/billing/page.tsx(9,3): error TS2305: Module '"@/services/billingService"' has no exported member 'getPartsSellerTransactionList'.
src/app/[lang]/admin/billing/page.tsx(10,3): error TS2305: Module '"@/services/billingService"' has no exported member 'getAllPSTransactionsForWeekly'.
src/app/[lang]/admin/billing/page.tsx(12,3): error TS2305: Module '"@/services/billingService"' has no exported member 'markPartsTransactionPaid'.
src/app/[lang]/admin/billing/page.tsx(15,3): error TS2305: Module '"@/services/billingService"' has no exported member 'processPartsRefund'.
src/app/[lang]/admin/billing/page.tsx(17,8): error TS2305: Module '"@/services/billingService"' has no exported member 'PartsSellerTransaction'.
src/app/[lang]/admin/billing/page.tsx(326,31): error TS2339: Property 'commission_rate' does not exist on type 'SCBillingSettings'.
src/app/[lang]/admin/billing/page.tsx(530,34): error TS2339: Property 'psPendingCommission' does not exist on type 'AdminBillingSummary'.
src/app/[lang]/admin/billing/page.tsx(538,34): error TS2339: Property 'psPaidCommission' does not exist on type 'AdminBillingSummary'.
src/app/[lang]/admin/billing/page.tsx(546,34): error TS2551: Property 'psTotalRecords' does not exist on type 'AdminBillingSummary'. Did you mean 'scTotalRecords'?
src/app/[lang]/admin/billing/page.tsx(1215,35): error TS7053: Element implicitly has an 'any' type because expression of type 'any' can't be used to index type 'Record<BillingPaymentStatus, string>'.
src/app/[lang]/admin/service-centers/page.tsx(78,59): error TS2345: Argument of type 'VendorType' is not assignable to parameter of type '"service_center"'.
src/app/[lang]/bookings/[id]/page.tsx(5,28): error TS2307: Cannot find module '@/components/tracking/BookingTracker' or its corresponding type declarations.
src/app/[lang]/page.tsx(15,23): error TS2323: Cannot redeclare exported variable 'generateMetadata'.
src/app/[lang]/page.tsx(15,23): error TS2393: Duplicate function implementation.
src/app/[lang]/page.tsx(30,31): error TS2323: Cannot redeclare exported variable 'default'.
src/app/[lang]/page.tsx(30,31): error TS2393: Duplicate function implementation.
src/app/[lang]/page.tsx(57,23): error TS2323: Cannot redeclare exported variable 'generateMetadata'.
src/app/[lang]/page.tsx(57,23): error TS2393: Duplicate function implementation.
src/app/[lang]/page.tsx(72,31): error TS2323: Cannot redeclare exported variable 'default'.
src/app/[lang]/page.tsx(72,31): error TS2393: Duplicate function implementation.
src/app/[lang]/page.tsx(110,21): error TS2307: Cannot find module '@/components/home/FeaturedParts' or its corresponding type declarations.
src/app/[lang]/page.tsx(119,8): error TS2304: Cannot find name 'FeaturedParts'.
src/app/[lang]/page.tsx(120,8): error TS2304: Cannot find name 'CategoriesGrid'.
src/app/[lang]/search/page.tsx(65,9): error TS2769: No overload matches this call.
src/app/[lang]/search/page.tsx(103,33): error TS2367: This comparison appears to be unintentional because the types 'SearchResultType' and '"part"' have no overlap.
src/app/[lang]/vendor/login/parts-seller/page.tsx(78,9): error TS2367: This comparison appears to be unintentional because the types '"service_center" | undefined' and '"parts_seller"' have no overlap.
src/app/[lang]/vendor/settings/page.tsx(293,10): error TS2367: This comparison appears to be unintentional because the types '"service_center" | undefined' and '"parts_seller"' have no overlap.
src/app/actions/adminActions.ts(27,39): error TS2307: Cannot find module '@/services/bostaService' or its corresponding type declarations.
src/hooks/useVehicle.ts(34,24): error TS2305: Module '"@/types"' has no exported member 'Part'.
src/hooks/useVehicle.ts(106,40): error TS7006: Parameter 'entry' implicitly has an 'any' type.
src/services/searchService.ts(33,10): error TS2393: Duplicate function implementation.
src/services/searchService.ts(42,10): error TS2393: Duplicate function implementation.
src/services/searchService.ts(51,23): error TS2323: Cannot redeclare exported variable 'globalSearch'.
src/services/searchService.ts(51,23): error TS2393: Duplicate function implementation.
src/services/searchService.ts(135,23): error TS2323: Cannot redeclare exported variable 'searchGarages'.
src/services/searchService.ts(135,23): error TS2393: Duplicate function implementation.
src/services/searchService.ts(193,10): error TS2393: Duplicate function implementation.
src/services/searchService.ts(202,10): error TS2393: Duplicate function implementation.
src/services/searchService.ts(211,23): error TS2323: Cannot redeclare exported variable 'globalSearch'.
src/services/searchService.ts(211,23): error TS2393: Duplicate function implementation.
src/services/searchService.ts(291,25): error TS2367: This comparison appears to be unintentional because the types 'SearchResultType' and '"part"' have no overlap.
src/services/searchService.ts(315,9): error TS2322: Type '"part"' is not assignable to type 'SearchResultType'.
src/services/searchService.ts(335,23): error TS2323: Cannot redeclare exported variable 'searchGarages'.
src/services/searchService.ts(335,23): error TS2393: Duplicate function implementation.
src/services/searchService.ts(351,56): error TS2345: Argument of type '"service_center" | "parts_seller"' is not assignable to parameter of type '"service_center"'.
src/types/database.ts(217,14): error TS2304: Cannot find name 'PartType'.
